// Jest Snapshot v1, https://goo.gl/fbAQLP

exports[`render navigation bar 1`] = `null`;
